American University of Afghanistan
Bakhtar University
Herat University
Kabul Medical University
Kabul University
Kardan University
Khurasan University
Nangarhar University
Polytechnical University of Kabul
Academy of Arts
Academy of Sports and Physical Training
Agricultural University of Tirane
American University of Tirana
Beder University
Epoka University
Polytechnic University of Tirane
University of Elbasan "Aleksander Xhuvani"
University of Gjirokstra "Eqerem Cabej"
University of Korca "Fan Noli"
University of New York Tirana
University of Shkodra "Luigj Gurakuqi"
University of Tirana
University of Vlora "Ismail Qemali"
University “Pavaresia” Vlore
Centre Universitaire de Jijel
Centre Universitaire de Tebessa
Centre Universitaire de Tiaret
Centre Universitaire d'Oum El Bouaghi
Université Abou Bekr Belkaid, Tlemcen
Université Amar Telidji
Université Badji Mokhtar
Université d'Alger
Université d'Alger 3
Université de Batna
Université de Béjaia
Université de Biskra
Université de Blida
Université de Chlef
Université de Guelma
Université de Mostaganem
Université de M'sila
Université de Saida
Université de Sétif
Université de Sidi-Bel-Abbès (Djillali Liabès)
Université de Skikda
Université des Sciences et de la Technologie d'Oran
Université des Sciences et de la Technologie Houari Boumediène
Universite des Sciences Islamiques de Constantine
Université d'Oran Es-Senia
Université Kasdi Merbah Ouargla
Université Mentouri Constantine
Université M'hamed Bouguerra de Boumerdes
Université Mouloud Mammeri de Tizi Ouzou
University of Andorra
Universidade Católica de Angola
Universidade Gregorio Semedo
Universidade Independente de Angola
Universidade Lusíada de Angola
Universidade Metodista de Angola
Universidade Metropolitana de Angola
Universidade Tecnica de Angola
Univesidade Agostinho Neto
American University of Antigua
University of Health Sciences Antigua
Instituto de Enseñanza Superior del Ejército
Instituto Nacional de Educación Física "General Manuel Belgrano"
Instituto Tecnológico de Buenos Aires
Instituto Universitario Aeronáutico
Instituto Universitario CEMA
Instituto Universitario de Ciencias de la Salud - Buenos Aires
Instituto Universitario de Estudios Navales y Marítimos
Instituto Universitario de la Policia Federal
Instituto Universitario Nacional del Arte
Universidad Abierta Interamericana
Universidad Adventista del Plata
Universidad Argentina de la Empresa
Universidad Argentina "John F. Kennedy"
Universidad Atlantida Argentina
Universidad Austral Buenos Aires
Universidad Autónoma de Entre Ríos
Universidad Blas Pascal
Universidad CAECE, Buenos Aires
Universidad Católica Argentina Santa Maria de los Buenos Aires
Universidad Católica de Córdoba
Universidad Católica de Cuyo
Universidad Católica de La Plata
Universidad Católica de Salta
Universidad Católica de Santa Fé
Universidad Católica de Santiago del Estero
Universidad Champagnat
Universidad de Belgrano
Universidad de Bologna - Representación en Buenos Aires
Universidad de Buenos Aires
Universidad de Ciencias Empresariales y Sociales
Universidad de Concepción del Uruguay
Universidad de Congreso
Universidad de Flores - Buenos Aires
Universidad del Aconcagua
Universidad de la Cuenca del Plata
Universidad de la Fraternidad de Agrupaciones Santo Tomas de Aquino (FASTA)
Universidad de la Marina Mercante
Universidad del Centro Educativo Latinoamericano Rosario
Universidad del Cine - Buenos Aires
Universidad del Museo Social Argentino
Universidad del Norte "Santo Tomás de Aquino"
Universidad del Salvador
Universidad de Mendoza
Universidad de Morón
Universidad de Palermo
Universidad de San Andres
Universidad Empresarial Siglio 21
Universidad "Juan Agustín Maza"
Universidad Maimónides
Universidad Nacional de Catamarca
Universidad Nacional de Córdoba
Universidad Nacional de Cuyo
Universidad Nacional de Entre Ríos
Universidad Nacional de Formosa
Universidad Nacional de General San Martín
Universidad Nacional de General Sarmiento
Universidad Nacional de Jujuy
Universidad Nacional de La Matanza
Universidad Nacional de Lanus
Universidad Nacional de La Pampa
Universidad Nacional de la Patagonia Austral
Universidad Nacional de la Patagonia "San Juan Bosco"
Universidad Nacional de La Plata
Universidad Nacional de La Rioja
Universidad Nacional del Centro de la Provincia de Buenos Aires
Universidad Nacional del Comahue
Universidad Nacional del Littoral
Universidad Nacional del Nordeste
Universidad Nacional del Noroeste de la Provincia de Buenos Aires
Universidad Nacional de Lomas de Zamora
Universidad Nacional del Sur
Universidad Nacional de Luján
Universidad Nacional de Mar del Plata
Universidad Nacional de Misiones
Universidad Nacional de Quilmes
Universidad Nacional de Río Cuarto
Universidad Nacional de Rosario
Universidad Nacional de Salta
Universidad Nacional de San Juan
Universidad Nacional de San Luis
Universidad Nacional de Santiago del Estero
Universidad Nacional de Tres de Febrero
Universidad Nacional de Tucumán
Universidad Nacional de Villa María
Universidad Notarial Argentina
Universidad Tecnológica Nacional
Universidad Torcuato di Tella
American University of Armenia
Armenian State Agrarian University
Armenian State University of Economics
Eurasia International University
European Regional Educational Academy of Armenia
French University in Armenia (UFAR)
Mehrabyan Medical Institute and Medical College
Russian-Armenian (Slavonic) State University
State Engineering University of Armenia
Yerevan Haibusak University
Yerevan State Medical University
Yerevan State University
Australian Catholic University
Australian Correspondence Schools
Australian Defence Force Academy
Australian Lutheran College
Australian Maritime College
Australian National University
Avondale College
Batchelor Institute of Indigenous Tertiary Education
Blue Mountains Hotel School
Bond University
Central Queensland University
Charles Darwin University
Charles Sturt University
Curtin University of Technology
Deakin University
Edith Cowan University
Flinders University of South Australia
Griffith University
Holmes Institute
Institute Of Technology, Australia
International College of Tourism and Hotel Management
James Cook University of North Queensland
La Trobe University
Macquarie University
Marcus Oldham College
Monash University
Murdoch University
Queensland University of Technology
Royal Melbourne Institute of Technology
Southern Cross University
Swinburne University of Technology
University of Adelaide
University of Ballarat
University of Canberra
University of Melbourne
University of Newcastle
University of New England
University of New South Wales
University of Notre Dame Australia
University of Queensland
University of South Australia
University of Southern Queensland
University of Sydney
University of Tasmania
University of Technology Sydney
University of the Sunshine Coast
University of Western Australia
University of Western Sydney
University of Wollongong
Victoria University
Akademie der bildenden Künste Wien
Donau-Universität Krems
Fachhochschule Burgenland
Fachhochschule für Bank- und Finanzwirtschaft
Fachhochschule JOANNEUM
Fachhochschule Kärnten
Fachhochschule Krems
Fachhochschule Kufstein
Tirol
Fachhochschule Salzburg
Fachhochschule St. Pölten
Fachhochschule Vorarlberg
Fachhochschule Wiener Neustadt
Fachhochschulstudiengänge der Wiener Wirtschaft
Fachhochschulstudiengänge Hagenberg
Fachhochschulstudiengänge Krems IMC
Fachhochschulstudiengänge Steyr
Fachhochschulstudiengänge Wels
Institute of Science and Technology
Katholisch-Theologische Privatuniversität Linz
MCI-Management Center Innsbruck
Medizinische Universität Graz
Medizinische Universität Innsbruck
Medizinische Universität Wien
Montanuniversität Leoben
Private Universität für Medizinische Informatik und Technik Tirol
Technikum Wien
Technische Universität Graz
Technische Universität Wien
Universität für angewandte Kunst Wien
Universität für Bodenkultur Wien
Universität für künstlerische und industrielle Gestaltung Linz
Universität für Musik und darstellende Kunst Graz
Universität für Musik und darstellende Kunst Wien
Universität Graz
Universität Innsbruck
Universität Klagenfurt
Universität Linz
Universität Mozarteum Salzburg
Universität Salzburg
Universität Vienna
Veterinärmedizinische Universität Wien
Webster University, Vienna
Wirtschaftsuniversität Wien
Academy of Public Administration
Azerbaijan Diplomatic Academy
Azerbaijan International University
Azerbaijan Medical University
Azerbaijan National Conservatorie
Azerbaijan State Economic University
Azerbaijan State Oil Academy
Azerbaijan Technical University
Azerbaijan Technology University
Azerbaijan Toursim Institute
Azerbaijan University
Azerbaijan University ol Languages
Baki Business University
Baku Slavic University
Baku State University
Ganja State University
Khazar University
Lankaran State University
Nakhchivan Private University
Nakhchivan State University
National Aviation Academy
Odlar Yurdu University
Police Academy
Qafqaz University
Sumgait State University
Western University
The College of The Bahamas
Al Ahlia University
Ama International University
Applied Science University
Arabian Gulf University
Arab Open University
Gulf University College
New York Instiute of Technology
RCSI-Medical University of Bahrain
The Kingdom University
University College Bahrain
University of Bahrain
Ahsanullah University of Science & Technology
American International University - Bangladesh
Asa University Bangladesh
Asian University of Bangladesh
AUB
Atish Dipankar University
Bangabandhu Sheikh Mujibur Rahman Agricultural University
Bangabandhu Sheikh Mujibur Rahman Medical University
Bangladesh Agricultural University
Bangladesh College of Leather Technology
Bangladesh College Of Textile Technology
Bangladesh Open University
Bangladesh University
Bangladesh University of Business & Technology
Bangladesh University of Engineering and Technology
BUET
Bangladesh University of Professionals
Begum Rokeya University, Rangpur
BGC Trust University, Bangladesh
Brac University
Chittagong University of Engineering and Technology
CUET
City University
Comilla University
Daffodil International University
Darul Ihsan University
Dhaka International University
Dhaka University of Engineering and Technology
Eastern University
East West University
East-West University, Mohakhali
Gono Bishwabidyalay
Green University of Bangladesh
Hajee Mohammad Danesh Science and Technology University
HSTU
IBAIS University
Independent University, Bangladesh
Institute of Management & Information Technology
iMiT
International Culture University
International Islamic University Chittagong
International Islamic University Chittagong
IIUC
International University of Business Agriculture and Technology
Islamic Institute of Technology (I.I.T)
Islamic University Chittagong
Islamic University of Technology
Jagannath University
Jahangirnagar University
Jatiya Kabi Kazi Nazrul Islam University
Khulna University
Khulna University of Engineering And Technology
Leading University
Manarat International University
Mawlana Bhashani Science And Technology University
Metropolitan University
Military Institute of Science & Technology
National University
Noakhali University Of Science And Technology
Northern University Bangladesh
North South University
Pabna University of Science And Technology
Patuakhali Science and Technology University
People's University of Bangladesh
PML University
Presidency University
Heriot -Watt University
Queens University
Rajshahi University of Engineering And Technology
Shahjalal University of Science and Technology
SUST
Sir Salimullah Medical Medical College
Southeast University
Southern University Bangladesh
Stamford University
Sylhet Agricultural University
Sylhet Engineering College
Sylhet International University
United International University
UIU
University of Asia Pacific, Dhanmondi
University of Chittagong
University of Dhaka
University of Information Technology & Sciences
UITS
University of Liberal Arts
University of Rajshahi
University of Science & Technology Chittagong
USTC
World University of Bangladesh
WUB
University of the West Indies
Academy of Public Administration of Belarus
Academy of the Ministry of Internal Affairs of the Republic of Belarus
Belarusian-Russian University
Belarussian National Technical University
Belarussian State Academy of Music
Belarussian State Agrarian Technical University
Belarussian State Agricultural Academy
Belarussian State Economic University
Belarussian State Medical University
Belarussian State Pedagogical University M. Tanka
Belarussian State Polytechnical Academy
Belarussian State Technological University
Belarussian State University
Belarussian State University of Culture and Arts
Belarussian State University of Informatics and Radioelectronics
Belarussian State University of Transport
Brest State Technical University
Brest State University
European Humanities University
Gomel State Medical University
Gomel State Technical University Pavel Sukhoi
Gomel State University Francisk Scarnia
Grodno State Agrarian University
Grodno State Medical University
Grodno State University Yanka Kupaly
Institute for Command Engineers of The Ministry for Emergency Situations
International Sakharov Environmental University
Minsk Institute of Management
Minsk State Linguistic University
Mogilev State University A.A. Kuleshov
Mozyr State Pedagogical Institute
Polotsk State University
Vitebsk State Academy of Veterinary Medicine
Vitebsk State Medical University
Vitebsk State Technological University
Vitebsk State University
Brexgata University Academy
Brussels Management School (ICHEC)
Brussels School of International Studies
College of Europe
Continental Theological Seminary
ECAM - Institut Supérieur Industriel
EHSAL - Europese Hogeschool Brussel
Erasmushogeschool Brussel
European Carolus Magnus University
European International University
Evangelische Theologische Faculteit, Leuven
Faculté Polytechnique de Mons
Facultés Universitaires Catholiques de Mons
Facultés Universitaires Notre-Dame de la Paix
Facultés Universitaires Saint-Louis
Faculté Universitaire des Sciences Agronomiques de Gembloux
Fondation Universitaire Luxembourgeoise
Hasselt University
Hogere Zeevaartschool - Maritime Academy
Hogeschool Antwerpen
Hogeschool voor Wetenschap en Kunst
VLEKHO
Hogeschool voor Wetenschap & Kunst
Hogeschool West-Vlaanderen
TU
Karel De Grote Hogeschool
Katholieke Hogeschool Kempen
Katholieke Hogeschool Leuven
Katholieke Hogeschool Limburg
Katholieke Universiteit Brussel
Katholieke Universiteit Leuven
Katholieke Universiteit Leuven, Campus Kortrijk
Royal Military Academy
Thierry Graduate School of Leadership
United Business Institute
Université Catholique de Louvain
Université de Liège
Université de Mons-Hainaut
Universiteit Antwerpen
Universiteit Antwerpen Management School
Universiteit Antwerpen, UFSIA
Universiteit Gent
Université Libre de Bruxelles
Vesalius College
Vlerick Leuven Gent Management School
Vrije Universiteit Brussel
American University of the Caribbean, School of Medicine
Central America Health Sciences University
Belize Medical College
Greenford International University
University of Belize
West Coast University
WCU
Espam Formation University
Université d'Abomey-Calavi
UAC
Bermuda College
Royal University of Bhutan
Escuela Militar de Ingeniería
Universidad Adventista de Bolivia
Universidad Amazonica de Pando
Universidad Andina Simón Bolivar
Universidad Autónoma del Beni "José Ballivián"
Universidad Autónoma Gabriel René Moreno
Universidad Autónoma Juan Misael Saracho
Universidad Autónoma Tomás Frías
Universidad Católica Boliviana, Cochabamba
Universidad Católica Boliviana, La Paz
Universidad Católica Boliviana, Santa Cruz
Universidad Católica Boliviana, Tarija
Universidad Central
Universidad de Aquino Bolivia
Universidad Domingo Savio
Universidad Empresarial Mateo Kuljis
Universidad Juan Misael Saracho
Universidad Los Andes
Universidad Mayor de San Andrés
Universidad Mayor de San Simón
Universidad Nacional Siglo XX Llallagua
Universidad Nuestra Senora de La Paz
Universidad NUR
Universidad Privada Abierta Latinoamericana
Universidad Privada Boliviana
Universidad Privada del Valle
Universidad Privada de Santa Cruz de la Sierra
Universidad Privada Franz Tamayo
UNIFRANZ
Universidad Salesiana de Bolivia
Universidad San Francisco Xavier
Universidad San Francisco Xavier de Chuquisaca
Universidad Técnica de Oruro
American University
International Burch University
International University of Sarajevo
International University of Travnik
Sarajevo Film Academy
Slobomir P Univerzitet
University of Banja Luka
University of Bihac
University of East Srarajevo
University of Mostar
University of Sarajevo
University of Tuzla
University of Zenica
University Vitez In Travnik
Univerzitet u Mostaru "Dzemal Bijedic"
Botswana College of Agriculture
University of Botswana
Centro Regional Universitário de Espiríto Santo do Pinhal
Centro Universitário Barao de Maua
Centro Universitário Claretiano
Centro Universitário de Araraquara
Centro Universitário de João Pessoa
Centro Universitário Monte Serrat
Centro Universitário Newton Paiva
Centro Universitário Plinio Leite
Centro Universitário Senac
EMESCAM - Escola Superior de Ciências da Santa Casa de Misericórdia de Vitória
FAAP - Fundação Armando Alvares Penteado
Faculdade Integradas do Ceará
Faculdade Italo Brasileira
Faculdades Integradas Curitiba
Faculdades Integradas do Brasil - UNIBRASIL
Faculdades Integradas Toledo
Faculdades Integradas UPIS
FAE Business School - Faculdade de Administração e Economia
Fundação Educacional de Ituverava
Instituto Nacional de Matemática Pura e Aplicada - IMPA
Instituto Tecnológico de Aeronáutica
Pontifícia Universidade Católica de Campinas
Pontifícia Universidade Católica de Minas Gerais
Pontifícia Universidade Católica de São Paulo
Pontificia Universidade Católica do Paraná
Pontifícia Universidade Católica do Rio de Janeiro
Pontifícia Universidade Católica do Rio Grande do Sul
Universidade Bandeirante de São Paulo
Universidade Braz Cubas
Universidade Camilo Castelo Branco
Universidade Candido Mendes
Universidade Castelo Branco
Universidade Católica de Brasília
Universidade Católica de Goiás
Universidade Católica de Pelotas
Universidade Católica de Pernambuco
Universidade Católica de Petrópolis
Universidade Católica de Salvador
Universidade Católica de Santos
Universidade Católica Dom Bosco
Universidade Cidade de São Paulo
Universidade Cruzeiro do Sul
Universidade da Amazônia
Universidade da Região da Campanha
Universidade de Alfenas
Universidade de Brasília
Universidade de Caxias do Sul
Universidade de Cruz Alta
Universidade de Fortaleza
Universidade de Franca
Universidade de Guarulhos
Universidade de Itaúna
Universidade de Marília
Universidade de Mogi das Cruzes
Universidade de Nova Iguaçu
Universidade de Passo Fundo
Universidade de Pernambuco
Universidade de Ribeirão Preto
Universidade de Santa Cruz do Sul
Universidade de Santo Amaro
Universidade de São Paulo
Universidade de Taubaté
Universidade de Tocantins
Universidade de Uberaba
Universidade do Amazonas
Universidade do Estado da Bahia
Universidade do Estado de Santa Catarina
Universidade do Estado do Rio de Janeiro
Universidade do Estado do Rio Grande do Norte
Universidade do Extremo Sul Catarinense
Universidade do Grande Rio
Universidade do Oeste de Santa Catarina
Universidade do Oeste Paulista
Universidade do Rio de Janeiro
Universidade do Rio Grande
Universidade do Sagrado Coração
Universidade do Sul de Santa Catarina
Universidade do Vale do Itajaí
Universidade Estácio de Sá
Universidade Estadual da Paraíba
Universidade Estadual de Campinas
Universidade Estadual de Feira de Santana
Universidade Estadual de Londrina
Universidade Estadual de Maringá
Universidade Estadual de Montes Claros
Universidade Estadual de Ponta Grossa
Universidade Estadual de Santa Cruz
Universidade Estadual do Ceará
Universidade Estadual do Maranhão
Universidade Estadual do Norte Fluminense
Universidade Estadual do Oeste do Paraná
Universidade Estadual do Piauí
Universidade Estadual do Vale do Acaraú
Universidade Estadual Paulista
Universidade Estadual Sudoeste da Bahia
Universidade Federal da Bahia
Universidade Federal da Grande Dourados
Universidade Federal da Paraíba
Universidade Federal de Alagoas
Universidade Federal de Campina Grande
Universidade Federal de Goiás
Universidade Federal de Juiz de Fora
Universidade Federal de Lavras
Universidade Federal de Mato Grosso
Universidade Federal de Mato Grosso do Sul
Universidade Federal de Minas Gerais
Universidade Federal de Ouro Preto
Universidade Federal de Pelotas
Universidade Federal de Pernambuco
Universidade Federal de Rondônia
Universidade Federal de Roraima
Universidade Federal de Santa Catarina
Universidade Federal de Santa Maria
Universidade Federal de São Carlos
Universidade Federal de São Paulo
Universidade Federal de Sergipe
Universidade Federal de Uberlândia
Universidade Federal de Viçosa
Universidade Federal do ABC
Universidade Federal do Acre
Universidade Federal do Amapá
Universidade Federal do Ceará
Universidade Federal do Espírito Santo
Universidade Federal do Maranhão
Universidade Federal do Pará
Universidade Federal do Paraná
Universidade Federal do Piauí
Universidade Federal do Rio de Janeiro
Universidade Federal do Rio Grande do Norte
Universidade Federal do Rio Grande do Sul
Universidade Federal do Vale do São Francisco
Universidade Federal Fluminense
Universidade Federal Rural de Pernambuco
Universidade Federal Rural do Rio de Janeiro
Universidade Gama Filho
Universidade Ibirapuera
Universidade Luterana do Brasil
Universidade Mackenzie
Universidade Metodista de Piracicaba
Universidade Metropolitana de Santos
Universidade para o Desenvolvimento do Alto Vale do Itajaí
Universidade Paulista
Universidade Potiguar
Universidade Regional de Blumenau
Universidade Regional do Cariri
Universidade Regional do Noroeste do Estado do Rio Grande do Sul
Universidade Regional Integrada do Alto Uruguai e das Missões
Universidade Salgado de Oliveira
Universidade Salvador
Universidade Santa Cecília dos Bandeirantes
Universidade Santa Úrsula
Universidade São Francisco
Universidade São Judas Tadeu
Universidade São Marcos
Universidade Tiradentes
Universidade Vale do Paraiba
Universidade Vale do Rio Doce
Universidade Vale do Rio dos Sinos
Universidade Veiga de Almeida
Institut Teknologi Brunei
Universiti Islam Sultan Sharif Ali
University of Brunei Darussalam
Academy of Economics "Dimitur A. Tscenov"
Academy of Music, Dance and Fine Arts
Agricultural University of Plovdiv
American University in Bulgaria
Bourgas Free University
Bourgas University "Prof. Assen Zlatarov"
City University Programs in Bulgaria
International University College
Medical University of Sofia
Medical University Pleven
Medical University Plovdiv
Medical University Varna
Military University Shoumen
National Academy for Theatre and Film Arts "Krustju Sarafov"
National Academy of Arts
National Academy of Music "Pantcho Vladigerov"
National Sports Academy Sofia
New Bulgarian University
Shoumen University "Konstantin Preslavski"
Sofia University "St. Kliment Ohridski"
South-West University "Neofit Rilski"
Technical University of Gabrovo
Technical University of Sofia
Technical University of Varna
Trakia University Stara Zagora
University of Architecture, Civil Engineering and Geodesy
University of Chemical Technology and Metallurgy
University of Economics Varna
University of Food Technology
University of Forestry Sofia
University of Mining and Geology "St. Ivan Rils"
University of National and World Economy
University of Plovdiv
University of Rousse
Varna Free University
Veliko Turnovo University "Cyril and Methodius"
Université de Ouagadougou
Dawei Technological University
Hinthada Technological University
Hpaan Technological University
International Theravada Buddhist Missionary University
Kalay Technological University
Kyaukse Technological University
Loikaw Technological University
Magway Technological University
Mandalay Technological University
Maubin Technological University
Mawlamyaing Technological University
Meikhtila Technological University
Monywa Technological University
Myeik Technological University
Myitkyina Technological University
Pakokku Technological University
Pathein Technological University
Pyay Technological University
Sittwe Technological University
Taunggyi Technological University
Taungoo Technological University
University of Computer Studies
UCSY
University of Medicine 1
University of Medicine Magway
Yangon Technological University
Acharya Nagarjuna University
Acharya Ranga Agricultural University
AISECT University
Alagappa University
Aligarh Muslim University
Allahabad Agricultural Institute, Deemed University
Allahabad University
All India Institute of Medical Sciences
Amity University
Amravati University
Amrita Vishwa Vidyapeetham (Deemed University)
Andhra University
Annamalai University
Anna University
Anna University of Technology, Tirunelveli
ARYA Institute of Engineering & Technology
Assam Agricultural University
Assam University
Avinashilingam Institute for Home Science and Higher Education for Women
Awadhesh Pratap Singh University
Babasaheb Bhimrao Ambedkar University
Banaras Hindu University
Banasthali University
Bangalore University
Barkatullah University
Bengal Engineering College
Berhampur University
Bharathiar University
Bharathidasan University
Bharath Institue Of Higher Education & Research
Bharati Vidyapeeth University
Bhavnagar University
Bhupendra Narayan Mandal University
Bidhan Chandra Agricultural University
Biju Pattnaik University of Technology
Birla Institute of Technology and Science
Birla Institute of Technology, Ranchi
Birsa Agricultural University
B. R. Ambedkar Bihar University
B. S. Abdur Rahman University
Bundelkhand University
CCS Haryana Agricultural University
Center for Entrepreneurship and Small Business Management
Central Agricultural University
Central Institute of English and Foreign Languages
Central Institute of Fisheries Education
Central Institute of Higher Tibetan Studies
Chandra Shekhar Azad University of Agriculture and Technology
Chaudhary Charan Singh Haryana Agricultural University
Chaudhary Charan Singh University
Ch. Charan Singh University
Chhatrapati Shahu Ji Maharaj University
Christ University
CMJ University
Cochin University of Science and Technology
Dav University
Dayalbagh Educational Institute
Deccan College Postgraduate and Research Institute
Deen Dayal Upadhyay Gorakhpur University
Delhi College of Engineering (DCE)
Devi Ahilya University of Indore
Dhirubhai Ambani Institute of Information and Communication Technology
Dibrugarh University
Dravidian University
Dr. Babasaheb Ambedkar Marathwada Universtiy
Dr. Babasaheb Ambedkar Technological University
Dr. Bhim Rao Abdekar University
Dr. B.R. Ambedkar Open University
Dr. D.Y. Patil University
Dr. Hari Singh Gour University, formerly University of Sagar
Dr. Panjabrao Deshmukh Krishi Vidyapeeth
Dr. Ram Manohar Lohia Avadh University
Dr. YS Parmar University of Horticulture and Forestry
Eiilm University
Fatima mata national college kollam kerala
First Global University to teaching Jainism
Forest Research Institute Dehradun
Gandhigram Rural Institute
Gandhi Institute of Technology and Managment
Gauhati University
Global Open University
Goa University
Gokhale Institute of Politics and Economics
Govind Ballabh Pant University of Agriculture and Technology
Gujarat Ayurved University
Gujarat University
Gulbarga University
Guru Ghasidas University
Guru Gobind Singh Indraprastha University
Guru Jambeshwar University
Gurukula Kangri University
Gurukul University
Guru Nanak Dev University
Hemchandracharay North Gujarat University
Hemwati Nandan Bahuguna Garhwal University
Hidayatullah National Law University, Raipur
Himachal Pradesh Agricultural University
Himachal Pradesh University
IASE (Institute of Advanced Studies) Deemed University
ICFAI University
Indian Agricultural Research Institute
Indian Board of Alternative Medicine
Indian Institute of Information Technology
Indian Institute of Information Technology and Management
Indian Institute of Science
Indian Institute of Technology
Indian Law Institue
Indian School of Business Management and Administration
Indian School of Mines (ISM)
Indian Statistical Institute
Indian University
Indian Veterinary Research Institute
Indira Gandhi Agricultural University
Indira Gandhi Institute of Development and Research
Indira Gandhi Institute of Medical Sciences
Indira Gandhi National Open University
Institute of Management Studies
Institute of Technology and Management
Integral University
International Institute for Population Sciences
Jadavpur University
Jai Narain Vyas University
Jain Vishva Bharati Institute
Jai Prakash University
Jaipur National University
Jamia Hamdard University
Jamia Millia Islamia University
Jawaharlal Nehru Agricultural University
Jawaharlal Nehru Centre for Advanced Scientific Research
Jawaharlal Nehru Technological University
Jawaharlal Nehru University
Jaypee Institute of Information Technology
Jiwaji University
Jodhpur National University
Kakatiya University
Kalinga University
Kameshwar Singh Darbhanga Sanskrit University
Kannada University
Kannur University
Kanpur University
Karnataka State Open University
Karnatak University
Karpagam University
Karunya Institute Of Technology ( Deemed University)
Kerala Agricultural University
Kerala University of Fisheries and Ocean Sciences
Kohinoor School of Hospitality Management
Konkan Agricultural University
Krishna University
Kumaun University
Kurukshetra University
Kuvempu University
Lakshmibai National Institute of Physical Education
Lalit Narayan Mithila University
L.D.College of Engineering
Madhya Pradesh Bhoj (Open) University
Madurai Kamaraj University
Magadh University
Maharaja Sayajirao University of Baroda
Maharishi Dayanand University, Rohtak (Haryana )
Maharshi Dayanand Sarswati University Ajmer
Mahatma Gandhi Chitrakut Gramoday University
Mahatma Gandhi Kashi Vidyapith
Mahatma Gandhi University, Kerala
Mahatma Jyotiba Phule Rohilkhand University Bareilly
Mahatma Phule Agricultural University
Makanlal Chutur Vedi University
Makhanlal Chaturvedi National University Institute of Journalism
Mangalore University
Manipal University
Manipur University
Manonmaniam Sundaranar University
Mar Athanasios College for Advanced Studies
Marathwada Agricultural University
Mohan Lal Sukhadia University
Mother Teresa Women's University
Motilal Nehru National Institute Of Technology
Moulana Azad national Urdu University
Nagaland University
Nagpur University
Nalanda Open University
Narendra Deva University of Agriculture and Technology
Narsee Monjee Institute of Management Studies
National Dairy Research Institute
National Institute of Industrial Engineering
National Institute of Mental Health and Neuro Sciences
National Institute of Technology
National Law School of India University
National Museum Institute of History of Art, Conservation and Museology
National Sanskrit University
Netaji Subhas Inst of Technology
Nirma University
Nizam's Institute of Medical Sciences
North Bengal University
North Eastern Hill University
North Maharashtra University
Open International University for Alternative Medicines
Orissa University of Agriculture and Technology
Osmania University
Pandit Ravi Shankar Shukla University
Panjab University
Patna University
Periyar University
Pondicherry University
Postgraduate lnstitute of Medical Education and Research
Potti Sreeramulu Telugu University
PSG College of Technology
Punjab Agricultural University
Punjab Engineering College Deemed University
Punjabi University Patiala
Punjab Technical University
Rabindra Bharati University
Rajasthan Agricultural University, Bikaner
Rajasthan Technical University
Rajasthan Vidyapeeth University
Rajendra Agricultural University
Rajitlal Institute of Technology & Health Sciences (RITHS)
Rajiv Gandhi Technical University (University of Technology of Madhya Pradesh)
Rajiv Gandhi University
Ranchi University
Rani Durgavati University
Sambalpur University
Sampurnanand Sanskrit University
Sanjay Gandhi Postgraduate lnstitute of Medical Sciences
Sardarkrushinagar Dantiwada Agricultural University
Sardar Patel University
Sardar Vallabhai Patel University of Agriculture Amd Technology
SASTRA Deemed University
Sathyabama University
Saurashtra University
School of Planning and Architecture
Shanmugha Arts Science Technology and Research Academy
Sher-E-Kashmir University of Agricultural Sciences and Technology
Shivaji University
Shobhit University, Meerut
Shreemati Nathibai Damodar Thackersey Women's University
Shridhar University
Shri Jagannath Sanskrit University
Shri Lal Bahadur Shastri Rashtriya Sanskrit Vidyapeetha
Sido Kanhu Murmu University
Sikha 'O' Anushandhan University
Sikkim Manipal University of Health, Medical and Technological Sciences
Solapur University
South Asian University
South Gujarat University
Sree Chitra Tirunal Institute for Medical Sciences and Technology
Sree Rama Krishna Degree College
Sree Sankaracharya University of Sanskrit
Sri Chandrasekharendra Saraswathi Viswa Mahavidyalaya
Sri Krishnadevaraya University
Sri Padmavati Women's University
Sri Ramachardra Medical College and Research Institute
Sri Sant Gajanan Maharaj College of Engineering
Sri Sathya Sai Institute of Higher Learning
Sri Venkateswara Institute of Medical Sciences
Sri Venkateswara University
SRM Institute Of Science & Technology ( Deemed University)
Swami Ramanand Teerth Marathwada University
Symbiosis International University
Takhatmal Shrivallabh Homoeopathic Medical College
Tamil Nadu Agricultural University
Dr. Ambedkar Law University
Dr. M.G.R. Medical University
Veterinary and Animal Sciences University
Tamil University
Tata Institute of Social Sciences
Telugu University
Tezpur University
Thapar Institute of Engineering and Technology
The New College
Thiagarajar College of Engineering
Thiruvalluvar University
Tilak Maharashtra Vidyapeeth
Tilka Manjhi Bhagalpur University
Tripura University
University of Agricultural Sciences, Bangalore
University of Agricultural Sciences, Dharwad
University of Burdwan
University of Calcutta
University of Calicut
University of Delhi
University of Health Sciences Andhra Pradesh
University of Hyderabad
University of Jammu
University of Kalyani
University of Kashmir
University of Kerala
University of Lucknow
University of Madras
University of Media Arts
University of Mumbai
University of Music and Fine Arts
University of Mysore
University of North Bengal
University of Pune
University of Rajasthan
University of Roorkee
Utkal University
Uttarakhand Open University
Uttarakhand Technical University
Uttar Pradesh Technical University
Vardhaman Mahaveer Open University
VBS Purvanchal University
Veer Kunwar Singh University
Veer Surendra Sai University of Technology
Vellore Institute of Technology
Vidyasagar University
Vignan University
Vikram University
Vinayaka Mission's Research Foundation-Deemed University
Vinoba Bhave University
Visva-Bharati University
Visvesvaraya National Institute of Technology
Visvesvaraya Technological University
West Bengal University of Animal and Fishery Sciences
West Bengal University of Technology
Yashawantrao Chavan Maharashtra Open University
Abfi Institute Perbanas Jakarta
Binus University
Bogor Agricultural University
Institut Sains dan Teknologi Al Kamal
Institut Sains & Teknologi Akprind
Institut Teknologi Adhi Tama Surabaya
Institut Teknologi Bandung
Institut Teknologi Sepuluh Nopember
Institut Teknologi Telkom
Politeknik Negeri Bandung
Politeknik Negeri Jakarta
Politeknik Negeri Lhokseumawe
Politeknik Negeri Malang
Politeknik Negeri Padang
Politeknik Negeri Pontianak
Politeknik Negeri Sambas
Politeknik Negeri Semarang
Politeknik Pos Indonesia
Prasetiya Mulya Business School
Sekolah Tinggi Akuntansi Negara (STAN)
Stie Perbanas Surabaya
STMIK AMIKOM Yogyakarta
Swiss German University
Trisakti Institute of Tourism
Unitomo Surabaya
Universitas 17 Agustus 1945 Banyuwangi
Universitas 17 Agustus 1945 Cirebon
Universitas 17 Agustus 1945 Jakarta
Universitas 17 Agustus 1945 Samarinda
Universitas 17 Agustus 1945 Semarang
Universitas 17 Agustus 1945 Surabaya
Universitas Advent Indonesia
Universitas Ahmad Dahlan
Universitas Airlangga
Universitas Amir Hamzah
Universitas Andalas
Universitas Atma Jaya Yogyakarta
Universitas Bakrie
Universitas Bengkulu
Universitas Bhayangkara Jakarta Raya
Universitas Bhayangkara Surabaya
Universitas Bojonegoro
Universitas Brawijaya
Universitas Bunda Mulia Jakarta
Universitas Bung Hatta
Universitas Cenderawasih
Universitas Darma Agung
Universitas Darma Persada
Universitas Dian Nuswantoro
Universitas Diponegoro
Universitas Dr. R. Moestopo
Universitas Gadjah Mada
Universitas Gunadarma
Universitas Haluoleo
Universitas Hasanuddin
Universitas HKBP Nommensen
Universitas Ibn Chaldun Jakarta
Universitas Ibn Khaldun Bogor
Universitas Indonesia
Universitas Indonusa Esa Unggul
Universitas Islam Bandung
Universitas Islam Indonesia
Universitas Islam Jakarta
Universitas Islam Malang
Universitas Islam Nusantara
Universitas Islam Riau
Universitas Islam Sultan Agung
Universitas Islam Sumatera Utara
Universitas Islam Syekh-Yusuf
Universitas Jambi
Universitas Janabadra
Universitas Jayabaya
Universitas Jember
Universitas Jenderal Achmad Yani
Universitas Jenderal Soedirman
Universitas Katolik Indonesia Atma Jaya
Universitas Katolik Parahyangan
Universitas Katolik Soegijapranoto
Universitas Katolik Widya Karya
Universitas Katolik Widya Manadala
Universitas Kediri
Universitas Khairun
Universitas Klabat
Universitas Komputer Indonesia
Universitas Krisnadwipayana
Universitas Kristen Duta Wacana
Universitas Kristen Indonesia
Universitas Kristen Indonesia Tomohon
Universitas Kristen Krida Wacana
Universitas Kristen Maranatha
Universitas Kristen Petra
Universitas Kristen Satya Wacana
Universitas Lambung Mangkurat
Universitas Lampung
Universitas Lancang Kuning
Universitas Ma Chung
Universitas Madura
Universitas Mahasaraswati Denpasar
Universitas Mahendradatta
Universitas Mataram
Universitas Mercu Buana
Universitas Merdeka Madiun
Universitas Merdeka Malang
Universitas Methodist Indonesia
Universitas Muhammadiyah Jakarta
Universitas Muhammadiyah Jember
Universitas Muhammadiyah Magelang
Universitas Muhammadiyah Makassar
Universitas Muhammadiyah Malang
Universitas Muhammadiyah Mataram
Universitas Muhammadiyah Sumatra Utara
Universitas Muhammadiyah Surakarta
Universitas Muhammadiyah Yogyakarta
Universitas Mulawarman
Universitas Muria Kudus
Universitas Muslim Indonesia
Universitas Narotama
Universitas Nasional Jakarta
Universitas Nasional Pasim
Universitas Negeri Gorontalo
Universitas Negeri Jakarta
Universitas Negeri Makassar
Universitas Negeri Malang
Universitas Negeri Manado
Universitas Negeri Medan
Universitas Negeri Padang
Universitas Negeri Semarang
Universitas Negeri Surabaya
Universitas Negeri Yogyakarta
Universitas Ngurah Rai
Universitas Nusa Cendana
Universitas Padjadjaran
Universitas Pakuan
Universitas Palangka Raya
Universitas Pancasakti Tegal
Universitas Pancasila
Universitas Paramadina Mulya
Universitas Pasundan
Universitas Pattimura
Universitas Pekalongan
Universitas Pelita Harapan
Universitas Pembangunan Nasional "Veteran" East Java
Universitas Pembangunan Panca Budi
Universitas Pendidikan Indonesia
Universitas Persada Indonesia Y.A.I
Universitas Pesantren Darul Ulum Jombang
Universitas Proklamasi 45
Universitas Putera Batam
Universitas Riau
Universitas Sam Ratulangi
Universitas Sanata Dharma
Universitas Sarjanawiyata Tamansiswa
Universitas Sebelas Maret
Universitas Semarang
Universitas Siliwangi
Universitas Simalungun
Universitas Slamet Riyadi Surakarta
Universitas Sriwijaya
Universitas Sultan Ageng Tirtayasa
Universitas Sumatera Utara
Universitas Surabaya
Universitas Swadaya Gunung Djati
Universitas Syiah Kuala
Universitas Tadulako
Universitas Tanjungpura
Universitas Tarumanagara
Universitas Terbuka Indonesia
Universitas Tidar Magelang
Universitas Trilogi
Universitas Trisakti
Universitas Tunas Pembangunan
Universitas Udayana
Universitas Widya Gama Malang
Universitas Widyatama
Universitas Wijaya Kusuma Purwokerto
Universitas Wijaya Kusuma Surabaya
Universitas Wisnuwardhana
Universitas Yarsi
Adiban Higher Education Institue
Ahvaz University of Medical Sciences
Ahwaz Jondishapour University of Medical Sciences
Allameh Tabatabaie University
Almustafa Open University
Amirkabir College of Managmant & Technology
Amirkabir University of Technology
Arak University
Arak University of Medical Sciences
Arak University of Technology
Ardabil University of Medical Sciences
Art University
Azzahra University
Babol Noshirvani University of Technology
Babol University of Medical Sciences
Baghyatoolah Medical Sciences University
Baha'i Institute for Higher Education
Birjand University
Birjand University of Medical Sciences
Bu Ali Sina University
Bushehr University of Medical Sciences
Damghan University of Basic Sciences
Daneshestan Institute of Higher Education
Delijan Payame Noor University
Fasa Faculty of Medical Sciences
Ferdowsi University of Mashhad
Golestan University of Medical Sciences
Gonabad University of Medical Sciences
Gorgan University of Agricultural Sciences and Natural Resources
Guilan University
Guilan University of Medical Sciences
Hamadan University of Medical Sciences
Hormozgan University of Medical Sciences
Hyrcania Institute of Higher Education
Ilam University
Ilam University of Medical Sciences
Imam Khomeini International University
Imam Reza University
Imam Sadiq University
Iranian Academy of Persian Language and Literature
Iran University of Medical Sciences
Iran University of Science and Technology Tehran
Isfahan University
Isfahan University of Medical Sciences
Isfahan University of Technology
Islamic Azad University
Jahrom University of Medical Sciences
Jami Institute of Technology
Kamalolmolk Art & Architecture Higher Education Institute of Noshahr
Kar University
Kashan University
Kashan University of Medical Sciences
Kerman Graduate University of Technology
Kermanshah University of Medical Sciences
Kerman University of Medical Sciences
Khomeinishahr Payame Noor University
K.N.Toosi University of Technology
Kurdistan University of Medical Sciences
Lorestan University
Lorestan University of Medical Sciences
Malayer University
Malekan Payame Nour University
Mamasani University of Technology
Mashhad University of Medical Sciences
Mazandaran University of Iran
Mazandaran University of Medical Science
Mazandaran University of Science & Technology
Mofid University
Mustafa International University
Najaf Abad University of Applied Science and Technology
Payame Noor University
Payame Noor University, Tafresh
Persian Gulf University
Petroleum University of Technology
Power and Water Institute of Technology
Qazvin University of Medical Sciences
Qom University
Qom University of Medical Sciences
Qom University of Technology
Rafsanjan University of Medical Sciences
Raghebe Esfahani University
Razi University
Sabzevar School of Medical Sciences
Sabzevar Teacher Training University
Sadjad Institute of Technology
Sadra University
Sahand University of Technology
School of Economic Sciences
Semnan University
Semnan University of Medical Sciences
Shahed University
Shaheed Beheshti University
Shaheed Beheshti University of Medical Sciences
Shaheed Chamran University
Shaheed Rajaei Teacher Training University
Shahid Bahonar University of Kerman
Shahrekord University
Shahrekord University of Medical Sciences
Shahrood University of Medical Sciences
Shahrood University of Technology
Sharif University of Technology
Sharif University of Technology, Kish Campus
Sheikhbahaee University
Shiraz Payamnoor University
Shiraz University
Shiraz University of Medical Sciences
Shiraz University of Technology
Shomal University
Sistan & Balouchestan University
Tabari Institute of Higher Education
Tabriz College of Technology
Tabriz Islamic Art University
Tabriz University
Tabriz University of Medical Sciences
Takestan Islamic Azad University
Tarbiat Modares University
Tehran University of Medical Sciences
Tehran University of Teacher Training
The Bahá'í Institute For Higher Education (BIHE)
Torbat Heydarieh University of Medical Sciences
University College of Nabi Akram
University of Applied Science and Technology
University of Hormozgan
University of Kurdistan
University of Lavasanat Pnu
University of Mashhad Pnu
University of Mohaghegh
University of Science and Culture
University of Social Welfare and Rehabilitation Scinences
University of Tehran
Urmia University
Urmia University of Medical Sciences
Urmia University of Technology
Vali-e-Asr University
Yasuj University
Yasuj University of Medical Sciences
Yazd Medical University
Yazd University
Zabol University
Zahedan University of Medical Sciences
Zanjan Institute for Advanced Studies in Basic Sciences
Zanjan University
Zanjan University of Medical Sciences
Ahlulbait International University
Al Maarif University College
Al Mamon University College
Al Mansour University College
Al Muthanna University
Al Nahrain University
Al Rafidain University College
Al Rasheed University College
Alsadrain University
Al Turath University College
Al Yarmouk University College
American University of Iraq, Sulaimani
Baghdad College of Economic Sciences University
Baghdad College of Pharmacy
British Royal University
Cihan University
College of Science, Baghdad University
Dijla University College
Diyala University
Hawler Medical University
Iraq University College
Ishik University
Kerbala University
Komar University of Science and Technology
Koya University (Kurdistan Region)
Madenat Alelem University College
Misan University
Nawroz University
Salahddin University (Kurdistan Region)
Soran University
Thi Qar University
Tikrit University
Uinversity of Babylon
University of Al-Qadisiyah
University of Anbar
University of Baghdad
University of Basrah
University of Dohuk (Kurdistan Region)
University of Human Development (Kurdistan Region)
University of Kirkuk
University of Kufa
University of Kurdistan - Hawler
University of Mosul
University of Mustansiriyah
University of Sulaimania (Kurdistan Region)
University of Technology - Iraq
University of Wassit
Athlone Institute of Technology
Carlow Institute of Technology
Cork Institute of Technology
Dublin City University
Dublin Institute for Advanced Studies
Dublin Institute of Technology
Galway Mayo Institute of Technology
Griffith College
Institue of Technology, Tralee
Irish International University
LSB College
National College of Ireland
National University of Ireland
National University of Ireland, Galway
National University of Ireland, Maynooth
Royal College of Physicians of Ireland
Royal College of Surgeons
Shannon College of Hotel Management
University College Cork
University College Dublin
University of Dublin, Trinity College
University of Limerick
Warnborough University
Waterford Institute Of Technology
AgroParisTech
American Graduate School in Paris
American University of Paris
British Institute in Paris, University of London
Centre de Formation et de Perfectionnement des Journalistes
Centre d'Etudes Supérieures des Techniques Industrielles
Centre d'Etudes Supérieures Industrielles Paris
Centre National d'Etudes Agronomiques des Régions Chaudes
Conservatoire National des Arts et Métiers
Ecole Catholique d'Arts & Metiers
Ecole Centrale d'Electronique - ECE
Ecole Centrale de Lille
Ecole Centrale de Lyon
Ecole Centrale de Nantes
Ecole d'Architecture de Nancy
Ecole de l'Air
Ecole des Hautes Etudes Commerciales
Ecole des Hautes Etudes Commerciales du Nord
Ecole des Hautes Etudes Industrielles de Lille
Ecole des Ingénieurs de la Ville de Paris
Ecole d'Ingénieurs en Informatique pour l'Industrie
Ecole Européen des Affaires
Ecole Européenne de Chimie, Polymères et Matériaux de Strasbourg
Ecole Française d'Electronique et d'Informatique
Ecole Française de Papeterie et des Industries Graphiques
Ecole Nationale d'Administration
Ecole Nationale de la Météorologie
Ecole Nationale de la Statistique et de l'Administration Economique
Ecole Nationale de la Statistique et de l'Analyse de l'information
Ecole Nationale de l'Aviation Civile
Ecole Nationale des Ponts et Chausees
Ecole Nationale des Sciences Géographiques
Ecole Nationale des Travaux Publics de l'Etat
Ecole Nationale d'Ingénieurs de Metz
Ecole Nationale d'Ingénieurs de Saint-Etienne
Ecole Nationale d'Ingénieurs des Techniques des Industries Agricoles et Alimentaires
Ecole Nationale d'Ingénieurs des Travaux Agricoles de Bordeaux
Ecole Nationale d'Ingénieurs des Travaux Agricoles de Clermont-Ferrand
Ecole Nationale d'Ingénieurs de Tarbes
Ecole Nationale du Génie de l'Eau et de l'Environnement de Strasbourg
Ecole Nationale Supérieur de Géologie de Nancy
Ecole Nationale Supérieur de Mécanique et d'Aéronautique
Ecole Nationale Supérieur de Mécaniques et des Microtechniques
Ecole Nationale Supérieur des Ingénieur des Etudes et Techniques d'Armement
Ecole Nationale Supérieur d'Ingénieurs de Constructions Aéronautique
Ecole Nationale Supérieure Agronomique de Toulouse
Ecole Nationale Supérieure d'Agronomie de Montpellier
Ecole Nationale Supérieure d'Agronomie de Rennes
Ecole Nationale Supérieure d'Agronomie et des Industries Alimentaires
Ecole Nationale Supérieure d'Arts et Métiers de Paris
Ecole Nationale Supérieure de Biologie Appliquée à la Nutrition et à l'Alementation
Ecole Nationale Supérieure de Chimie de Clermont-Ferrand
Ecole Nationale Supérieure de Chimie de Lille
Ecole Nationale Supérieure de Chimie de Montpellier
Ecole Nationale Supérieure de Chimie de Mulhouse
Ecole Nationale Supérieure de Chimie de Paris
Ecole Nationale Supérieure de Chimie de Rennes
Ecole Nationale Supérieure de Chimie de Toulouse
Ecole Nationale Supérieure de Chimie et de Physique de Bordeaux
Ecole Nationale Supérieure de l'Aéronautique et de l'Espace
Ecole Nationale Supérieure d'Electrochimie et d'Electrométallurgie de Gernoble
Ecole Nationale Supérieure d'Electronique, d'Electrotechnique, d'Informatique et d'Hydraulique de Toulouse
Ecole Nationale Supérieure d'Electronique et de Radioelectricite de Bordeaux
Ecole Nationale Supérieure d'Electronique et de Radioelectricite de Grenoble
Ecole Nationale Supérieure de l'Electronique et de ses Applications
Ecole Nationale Supérieure de Physique de Grenoble
Ecole Nationale Supérieure de Physique de Marseille
Ecole Nationale Supérieure de Physique de Strasbourg
Ecole Nationale Supérieure des Arts et Industries de Strasbourg
Ecole Nationale Supérieure des Arts et Industries Textiles
Ecole Nationale Supérieure des Industries Chimiques de Nancy
Ecole Nationale Supérieure des Industries Textiles de Mulhouse
Ecole Nationale Supérieure des Mines d'Alès
Ecole Nationale Supérieure des Mines de Douai
Ecole Nationale Supérieure des Mines de Nancy
Ecole Nationale Supérieure des Mines de Paris
Ecole Nationale Supérieure des Mines de St-Etienne
Ecole Nationale Supérieure des Telecommunications de Bretagne
Ecole Nationale Supérieure des Telecommunications de Paris
Ecole Nationale Supérieure de Techniques Avancées
Ecole Nationale Supérieure d'Hydraulique et de Mécanique de Grenoble
Ecole Nationale Superieure d'Informatique et de Mathematiques Appliquees de Grenoble
École Nationale Supérieure d'Ingénieurs de Constructions Aéronautiques
Ecole Nationale Supérieure d'Ingénieurs de Génie Chimique
Ecole Nationale Supérieure d'Ingenieurs Electriciens de Grenoble
Ecole Nationale Supérieure d'Ingénieurs en Mécanique et Energétique de Valenciennes
Ecole Nationale Supérieure du Pétrole et des Monteurs
Ecole Nationale Supérieure Electricité et Mécanique
Ecole Nationale Supérieure en Electrotechnique, Electronique, Informatique et Hydraulique de Toulouse
Ecole Nationale Vétérinaire d'Alfort
Ecole Nationale Vétérinaire de Lyon
Ecole Nationale Vétérinaire de Nantes
Ecole Nationale Vétérinaire de Toulouse
Ecole Normale Supérieure de Cachan
Ecole Normale Supérieure de Fontenay-Saint Cloud
Ecole Normale Supérieure de Lyon
Ecole Normale Supérieure de Paris
Ecole Polytechnique
Ecole Polytechnique Marseille
Ecole Polytechnique Universitaire de Lille
Ecole pour les Etudes et la Recherche en Informatique et Electronique
Ecole Spéciale de Mécanique et d'Electricité
Ecole Spéciale des Travaux Publics du Bâtiment et de l'Industrie
Ecole Superieur d'Ingenieurs Leonard de Vinci
Ecole Supérieure d'Agriculture d'Angers
Ecole Supérieure d'Agriculture de Purpan
Ecole Supérieure de Chimie Organique et Minérale
Ecole Supérieure de Chimie Physique Electronique de Lyon
Ecole Supérieure de Commerce de Bordeaux
Ecole Supérieure de Commerce de Brest
Ecole Supérieure de Commerce de Clermont-Ferrand
Ecole Supérieure de Commerce de Dijon
Ecole Supérieure de Commerce de Grenoble
Ecole Supérieure de Commerce de Le Havre/Caen
Ecole Supérieure de Commerce de Lille
Ecole Supérieure de Commerce de Lyon
Ecole Supérieure de Commerce de Marseille-Provence
Ecole Supérieure de Commerce de Nantes-Atlantique
Ecole Supérieure de Commerce de Paris
Ecole Supérieure de Commerce de Pau
Ecole Supérieure de Commerce de Reims
Ecole Supérieure de Commerce de Rouen
Ecole Supérieure de Commerce de Sophia Antipolis
Ecole Supérieure de Commerce de Toulouse
Ecole Supérieure de Commerce et Management
Ecole Supérieure d'Electricité
Ecole Supérieure d'Electronique de l'Ouest
Ecole Supérieure de Physique et de Chimie Industrielles
Ecole Supérieure des Sciences Commerciales d'Angers
Ecole Supérieure des Sciences Economiques et Commerciales
Ecole Supérieure des Sciences et Technologie de l'Ingénieur de Nancy
Ecole Supérieure des Techniques Industrielles et des Textiles
Ecole Supérieure d'Informatique-Electronique-Automatique
Ecole Supérieure d'Ingénieurs de Marseille
Ecole Supérieure d'Ingénieurs en Electronique et Electrotechnique
Ecole Supérieure d'Ingénieurs en Génie Electrique
Ecole Supérieure d'Ingénieurs et de Techniciens pour l'Agriculture
Ecole Supérieure d'Optique
Ecole Supérieure Internationale d'Administration des Entreprises
Ecole Superieure Robert de Sorbon
Ecole Universitaire d'Ingénieurs de Lille
ENIC Telecom Lille 1
EPF Ecole d'Ingénieurs
European Business School
European Management Center Paris
Grenoble Ecole de Management
Groupe Sup de Co Amiens Picardie
Groupe Sup de Co Montpellier
IDRAC
Institut de recherche en action commerciale
Institut Catholique d'Arts et Métiers Lille
Institut Catholique d'Arts et Métiers Nantes
Institut Catholique de Paris
Institut Catholique de Toulouse
Institut Commercial de Nancy
Institut de Recherche et d'Enseignement Supérieur aux Techniques de l'électronique
Institut des hautes études économiques et commerciales
Institut des Sciences de la Matière et du Rayonnement
Institut des Sciences de l'Ingénieur de Clermont-Ferrand
Institut des Sciences de l'Ingénieur de Montpellier
Institut d'Etudes Politiques de Bordeaux
Institut d'Etudes Politiques de Paris (Sciences Po)
Institut National des Sciences Appliquées de Lyon
Institut National des Sciences Appliquées de Rennes
Institut National des Sciences Appliquées de Rouen
Institut National des Sciences Appliquées de Toulouse
Institut National des Télécommunications
Institut National Polytechnique de Grenoble
Institut National Polytechnique de Lorraine
Institut National Polytechnique de Toulouse
Institut National Supérieur de Formation Agro-Alimentaire
Institut Supérieur Agricole de Beauvais
Institut Supérieur d'Agriculture Lille
Institut Supérieur d'Agriculture Rhone-Alpes
Institut Supérieure d'Electronique de Paris
Institut Supérieure d'Electronique du Nord
Institut Textile et Chimique de Lyon
Schiller International University, Paris
Schiller International University, Strasbourg
Université Blaise Pascal
Université Bordeaux I
Université Catholique de Lille
Université Catholique de l' Ouest
Université Catholique de Lyon
Université Charles-de-Gaulle
Université Claude Bernard
Université d'Aix-Marseille III
Université d'Angers
Université d'Artois
Université d'Auvergne
Université d'Avignon
Université de Bourgogne
Université de Bretagne Occidentale
Université de Bretagne Sud
Université de Caen Basse Normandie
Université de Cergy-Pontoise
Université de Corse Pascal Paoli
Université de Franche-Comté
Université de Haute-Alsace
Université de la Méditerranée
Université de La Rochelle
Université de Limoges
Université de Marne la Vallée
Université de Metz
Université de Montpellier I
Université de Montpellier II
Université de Nantes
Université de Nice-Sophia Antipolis
Université Denis Diderot
Université de Pau et des Pays de l'Adour
Université de Perpignan
Université de Picardie Jules-Verne
Université de Poitiers
Université de Provence
Université de Reims Champagne-Ardenne
Université de Rouen - Haute Normandie
Université de Savoie
Université des Sciences et Technologies de Lille
Université des Sciences Humaines
Université des Sciences Sociales
Université de Technologie de Belfort Montbéliard
Université de Technologie de Compiègne
Université de Technologie de Troyes
Université de Toulouse
Université de Toulouse-le-Mirail
Université de Valenciennes et du Hainaut-Cambrésis
Université de Versailles Saint-Quentin-en-Yvelines
Université d'Evry Val d'Essonne
Université d'Orléans
Université du Droit et de la Sante
Université du Havre
Université du Littoral Cote d'Opale
Université du Maine
Université du Sud, Toulon et Var
Université François Rabelais de Tours
Université Henri Poincaré
Université Jean Monnet
Université Jean Moulin
Université Joseph Fourier
Université Louis Pasteur
Université Lumiére
Université Michel de Montaigne
Université Montesquieu
Université Nancy II
Université Panthéon-Assas
Université Panthéon-Sorbonne
Université Paris-Dauphine
Université Paris Nanterre
Université Paris Nord
Université Paris-Sorbonne
Université Paris Sud
Université Paul Sabatier
Université Paul Valéry
Université Pierre et Marie Curie
Université Pierre Mendes-France
Université René Descartes
Université Rennes
Université Robert Schuman
Université Sorbonne-Nouvelle
Université Stendhal
Université Val-de-Marne
Université Victor Segalen
Université Vincennes Saint-Denis
Acadia University
Algonquin College
Ashton College
Assumption University
Athabasca University
Augustana University College
Bishop's University
Bow Valley College
Brandon University
Brescia College
British Columbia Institute of Technology
British Columbia Open University
Brock University
Camosun College
Campion College
Canadian College of Business & Computers
Canadian Mennonite University
Capilano College
Carleton University
Centennial College
Collège Boréal
College of New Caledonia
College of the Rockies
Columbia College
Concordia University
Concordia University College of Alberta
Conestoga College
Dalhousie University
DeVry Institute of Technology
Dominican College of Philosophy and Theology
Douglas College
Durham College
École des Hautes Études Commerciales
École de technologie supérieure, Université du Québec
École nationale d'administration publique, Université du Québec
École Polytechnique de Montréal, Université de Montréal
Emily Carr Institute of Art + Design
First Nations University of Canada
George Brown College
Humber College
Huron University College
Institut Armand-Frappier, Université du Québec
Institut National de la Recherche Scientifique, Université du Québec
King's College
Kingston College
King's University College
Kwantleen University College
Lakehead University
Langara College
Lansbridge University
Laurentian University of Sudbury
Luther College
MacEwan University
Malaspina University College
McGill University
McMaster University
Memorial University of Newfoundland
Mount Allison University
Mount Royal College
Mount Saint Vincent University
Nicola Valley Institute of Technology
Nipissing University
Northern Alberta Institute of Technology
Northern Lights College
North Island College
Nova Scotia Agricultural College
Nova Scotia College of Art and Design
Okanagan University College
Ontario College of Art and Design
Pacific International College
Queen's University
Quest University
Redeemer College
Regent College
Royal Military College of Canada
Royal Roads University
Ryerson Polytechnic University
Saskatchewan Indian Federated College
Sauder School of Business
Selkirk College
Seneca College
Sheridan College
Simon Fraser University
Southern Alberta Institute of Technology
St. Anne University
St. Clair College
St. Francis Xavier University
St. Mary's University
St. Paul University
St. Thomas University
Télé-université, Université du Québec
Thompson Rivers University
Trent University
Trinity Western University
Université de Montréal
Université de Sherbrooke
Université du Québec à Chicoutimi
Université du Québec à Montréal
Université du Québec à Rimouski
Université du Québec à Trois-Rivières
Université du Québec en Abitibi-Témiscamingue
Université du Québec en Outaouais
Université Laval
University Canada West
University College of Cape Breton
University College of Saint-Boniface
University College of the Cariboo
University College of the Fraser Valley
University of Alberta
University of British Columbia
University of Calgary
University of Guelph
University of King's College
University of Lethbridge
University of Manitoba
University of Moncton
University of Moncton, Edmundston
University of Moncton, Shippagan
University of New Brunswick
University of New Brunswick, Saint John
University of Northern British Columbia
University of Ontario Institute of Technology
University of Ottawa
University of Prince Edward Island
University of Québec
University of Regina
University of Saskatchewan
University of St. Jerome's College
University of St. Michael's College
University of Sudbury
University of Toronto
University of Toronto, Mississauga
University of Toronto, Scarborough
University of Trinity College
University of Victoria
University of Waterloo
University of Western Ontario
University of Windsor
University of Winnipeg
Vancouver Community College
Victoria University Toronto, University of Toronto
Wilfrid Laurier University
William and Catherine Booth College
York University
Yukon College
Alabama Agricultural and Mechanical University
Alabama State University
Andrew Jackson University
Athens State College
Auburn University
Auburn University at Montgomery
Birmingham-Southern College
Breyer State University (Virtual University)
Columbia Southern University
Concordia College, Selma
Faulkner University
International Bible College
Jacksonville State University
Judson College Marion
Miles College
Oakwood College
Samford University
Southeastern Bible College
Spring Hill College
Stillman College
Talladega College
The Southern Christian University
Troy University
Troy University, Dothan
Troy University, Montgomery
Troy University, Phenix City
Troy University, Troy
Tuskegee University
United States Sports Academy
University of Alabama - Birmingham
University of Alabama - Huntsville
University of Alabama - Tuscaloosa
University of Mobile
University of Montevallo
University of North Alabama
University of South Alabama
University of West Alabama
Virginia College
Alaska Bible College
Alaska Pacific University
Sheldon Jackson College
University of Alaska
American Graduate School of International Management
American Indian College of the Assemblies of God
Arizona State University
Arizona State University, Polytechnic Campus
Arizona State University, West Campus
CollegeAmerica, Phoenix
DeVry Institute of Technology, Phoenix
Embry Riddle Aeronautical University, Prescott
Frank Lloyd Wright School of Architecture
Grand Canyon University
Northcentral University
Northern Arizona University
Prescott College
Prescott College, Center for Indian Bilingual Teacher Education
Southwestern College
University of Advancing Technology (UAT)
University of Arizona
University of Phoenix
Western Bible College
Western International University
Arkansas State University
Arkansas Tech University
Central Baptist College
Harding University
Henderson State University
Hendrix College
John Brown University
Lyon College
Ouachita Baptist University
Philander Smith College
Southern Arkansas University
University of Arkansas
University of Arkansas for Medical Sciences
University of Central Arkansas
University of the Ozarks
Williams Baptist College
Academy of Art College
American Conservatory Theater
American-European School of Management
American Film Institute Center for Advanced Film and Television Studies
American InterContinental University - Georgia
American Jewish University
Andon College
Antioch University Los Angeles
Antioch University Santa Barbara
Argosy University
Armstrong University
Art Center College of Design
Art Institute of Southern California
Azusa Pacific University
Bethany College California
Biola University
Brooks Institute of Photography
California Baptist College
California Coast University
California College for Health Sciences
California College of Arts and Crafts
California College of Podiatric Medicine
California College San Diego
California Institute of Integral Studies
California Institute of Technology
California Institute of the Arts
California Lutheran University
California Maritime Academy
California Polytechnic State University
California School of Professional Psychology
California State Polytechnic University
California State University
California University of Management and Sciences
California Western School of Law
Chapman University
Charles R. Drew University of Medicine and Science
Christian Heritage College
Claremont Graduate University
Claremont Lincoln University
Claremont McKenna College
Cleveland Chiropractic College, Los Angeles
Cogswell Polytechnical College
Coleman College
College of Notre Dame
College of Osteopathic Medicine of the Pacific (Western University of Health Sciences)
Columbia College Hollywood
Concordia University, Irvine
Design Institute of San Diego
DeVry Institute of Technology, Pomona
Dominican College of San Rafael
Dominican School of Philosophy and Theology
Fielding Institute
Foothill-De Anza Community College District
Franciscan School of Theology
Fresno City College
Fresno Pacific University
Gemological Institute of America
Glendale University College of Law
Golden Gate University
Graduate Theological Union
Harvey Mudd College
Heartland Baptist Bible College
Holy Names College
Hope International University
Humboldt State University
Humphreys College
ICT College
Institute of Transpersonal Psychology
ITT Technical Institute West Covina
John F. Kennedy University
John Paul the Great Catholic University
Keck Graduate Institute of Applied Life Sciences
La Sierra University
Life Chiropractic College West
Lincoln University San Francisco
Loma Linda University
Los Angeles College of Chiropractic
Loyola Marymount University
Madison University (Distance Education)
Menlo College
Mills College
Monterey Institute of International Studies
Mount St. Mary's College California
National Hispanic University
National University
Naval Postgraduate School
New College of California
Newschool of Architecture and Design
Notre Dame de Namur University
Occidental College
Otis College of Art & Design
Pacifica Graduate Institute
Pacific College of Oriental Medicine
Pacific Graduate School of Psychology
Pacific Oaks College
Pacific Union College
Palmer College of Chiropractic West
Pepperdine University
Phillips Graduate Institute
Pitzer College
Point Loma Nazarene College
Pomona College
Quantum-Veritas International University
Rand Graduate School of Policy Studies
Samuel Merritt College
San Diego State University
San Diego University for Integrative Studies
San Francisco Art Institute
San Francisco Conservatory of Music
San Francisco State University
San Joaquin College of Law
San Jose Christian College
San Jose State University
Santa Clara University
Saybrook Institute
Scripps College
Simpson College
Skadron College
Soka University of America
Sonoma State University
Southern California College
Southern California College of Optometry
Southern California Institute of Architecture
Southwestern University School of Law
Stanford University
Stefan University
St. John's Seminary
St. Mary's College of California
The Art Institutes International San Francisco
The Master's College
The Scripps Research Institute
Thomas Aquinas College
Touro University
Trident University
Tui Online University
United States International University
University of California
University of La Verne
University of Redlands
University of San Diego
University of San Francisco
University of Southern California
University of the Pacific
University of West Los Angeles
Vanguard University of Southern California
West Coast University
Western State University College of Law
Western State University College of Law - Orange County
Westmont College
Whittier College
Woodbury University
Wright Institute
York University
Adams State College
Beth-El College of Nursing and Health Sciences
CollegeAmerica, Denver
College for Financial Planning
Colorado Christian University
Colorado College
Colorado School of Mines
Colorado State University
Colorado State University-Pueblo
Colorado Technical University
Community College of Denver
Denver Paralegal Institute
Denver Technical College
Fort Lewis College
IntelliTec College - Grand Junction
Jones International University
Mesa State College
Metropolitan State College of Denver
National American University, Colorado Springs
National American University, Denver
National Technological University
National Theatre Conservatory
Nazarene Bible College
Regis University
Rocky Mountain College of Art and Design
The Naropa Institute
United States Air Force Academy
University of Colorado
University of Colorado Health Sciences Center
University of Denver
University of Northern Colorado
Western State College
Westwood College
Albertus Magnus College
Central Connecticut State University
Charter Oak State College
Connecticut College
Eastern Connecticut State University
Fairfield University
Hartford College for Women
Hartford Graduate Center (Rensselaer at Hartford)
Holy Apostles College
Paier College of Art
Post University of Waterbury
Quinnipiac College
Sacred Heart University
Southern Connecticut State University
St. Joseph College
Trinity College Connecticut
United States Coast Guard Academy
University of Bridgeport
University of Connecticut
University of Hartford
University of New Haven
Wesleyan University
Western Connecticut State University
Yale University
