student
Student
phd
PhD
Phd
graduate student
Graduate Student
Graduate student
professor
Professor
associate professor
Associate Professor
Associate professor
assistant professor
Assistant Professor
assistant Professor
Assistant professor
affiliate professor
Affiliate Professor
Affiliate professor
lecturer
Lecturer
senior fellow
Senior Fellow
Senior fellow
fellow
Fellow
research supervisor
Research Supervisor
Research supervisor
research associate
Research Associate
Research associate
postdoctoral associate
Postdoctoral Associate
Postdoctoral associate
post doctoral associate
Post Doctoral Associate
Post doctoral associate
research assistant
Research Assistant
Research assistant
teaching assistant
Teaching Assistant
Teaching assistant
dean
Dean
associate dean
Associate Dean
Associate dean
assistant dean
Assistant Dean
Assistant dean
director
Director
associate director
Associate Director
Associate director
assistant director
Assistant Director
Assistant director
graduate coordinator
Graduate Coordinator
Graduate coordinator
undergraduate coordinator
Undergraduate Coordinator
Undergraduate coordinator
emeritus professor
Emeritus Professor
Emeritus professor
chancellor
Chancellor
pro-chancellor
Pro-Chancellor
Pro-chancellor
pro chancellor
Pro Chancellor
Pro chancellor
vice-chancellor
Vice-Chancellor
Vice-chancellor
vice chancellor
Vice Chancellor
Vice chancellor
deputy vice-chancellor
Deputy Vice-Chancellor
Deputy vice-chancellor
deputy vice chancellor
Deputy Vice Chancellor
Deputy vice chancellor
Pro vice-chancellor
Pro-vice chancellor
Pro vice chancellor
distinguished professor
endowed professor
instructor
adjunct professor
visiting professor
junior scientist
postdoctoral fellow
postdoctoral research fellow
postdoctoral research associate
provost
associate provost
assistant provost
president
President
vice-president
Vice-President
vice president
Vice President
Vice president